// Jest Snapshot v1, https://goo.gl/fbAQLP

exports[`<TabButtons /> renders the buttons on big screens 1`] = `
.c1 {
  -webkit-text-decoration: none;
  text-decoration: none;
  box-sizing: border-box;
  display: -webkit-inline-box;
  display: -webkit-inline-flex;
  display: -ms-inline-flexbox;
  display: inline-flex;
  -webkit-box-pack: center;
  -webkit-justify-content: center;
  -ms-flex-pack: center;
  justify-content: center;
  -webkit-align-items: center;
  -webkit-box-align: center;
  -ms-flex-align: center;
  align-items: center;
  padding: 16px 24px;
  font-family: "Open Sans",Roboto,Helvetica,Arial,sans-serif;
  font-size: 15px;
  line-height: 1.2;
  font-weight: 600;
  cursor: pointer;
  border-radius: 8px;
  color: #21247F;
  border: 1px solid transparent;
  outline: 0;
  background: transparent;
}

.c1:hover:not(:disabled) {
  background: #EAEBFA;
}

.c1:focus:not(:active) {
  border: 1px solid #FFFFFF;
  box-shadow: 0 0 4px #3B46C4;
}

.c1:disabled {
  cursor: not-allowed;
  background: #F7F7F7;
  color: #818F9B;
}

.c1:active:not(:disabled) {
  border: 1px solid transparent;
  box-shadow: unset;
  opacity: 0.8;
}

.c2 {
  border-radius: 4px;
  box-shadow: inset 0 12px #F7F7F7,inset 0 -12px #F7F7F7,inset 1px 0 #D4D7D9;
  -webkit-box-flex: 1;
  -webkit-flex-grow: 1;
  -ms-flex-positive: 1;
  flex-grow: 1;
  background: #FFFFFF;
  box-shadow: none;
}

.c2:first-child {
  box-shadow: none;
}

.c2:hover,
.c2:focus {
  box-shadow: none;
}

.c2:hover + button,
.c2:focus + button {
  box-shadow: none;
}

.c2 + button {
  box-shadow: none;
}

.c3 {
  border-radius: 4px;
  box-shadow: inset 0 12px #F7F7F7,inset 0 -12px #F7F7F7,inset 1px 0 #D4D7D9;
  -webkit-box-flex: 1;
  -webkit-flex-grow: 1;
  -ms-flex-positive: 1;
  flex-grow: 1;
}

.c3:first-child {
  box-shadow: none;
}

.c3:hover,
.c3:focus {
  box-shadow: none;
}

.c3:hover + button,
.c3:focus + button {
  box-shadow: none;
}

.c0 {
  background: #F7F7F7;
  display: -webkit-box;
  display: -webkit-flex;
  display: -ms-flexbox;
  display: flex;
  -webkit-box-pack: space-evenly;
  -webkit-justify-content: space-evenly;
  -ms-flex-pack: space-evenly;
  justify-content: space-evenly;
}

<div>
  <div>
    <div
      class="c0 p-2"
    >
      <button
        activetab="pineapple"
        aria-controls="pineapple-content"
        aria-expanded="true"
        class="c1 c2"
        id="pineapple"
        styling="link"
        tabid="pineapple"
      >
        🍍 Pineapple
      </button>
      <button
        activetab="pineapple"
        aria-controls="kiwi-content"
        aria-expanded="false"
        class="c1 c3"
        id="kiwi"
        styling="link"
        tabid="kiwi"
      >
        🥝 Kiwi
      </button>
      <button
        activetab="pineapple"
        aria-controls="watermelon-content"
        aria-expanded="false"
        class="c1 c3"
        id="watermelon"
        styling="link"
        tabid="watermelon"
      >
        🍉 Watermelon
      </button>
    </div>
  </div>
</div>
`;

exports[`<TabButtons /> renders the buttons on small screens 1`] = `
.c0 {
  -webkit-appearance: none;
  -moz-appearance: none;
  appearance: none;
  min-width: 100px;
  -webkit-user-select: none;
  -moz-user-select: none;
  -ms-user-select: none;
  user-select: none;
  background: transparent;
  padding-right: 32px;
  padding-left: 16px;
  height: 50px;
  border-radius: 8px;
  color: #4A545E;
  font-weight: 400;
  border: 1px solid #818F9B;
  background: transparent url(sort-solid.svg) no-repeat calc(100% - 13px) center;
  background-size: 8px;
  box-shadow: 0 0 4px 0 transparent;
  -webkit-transition-property: border,box-shadow;
  transition-property: border,box-shadow;
  -webkit-transition: 0.2s ease-in-out;
  transition: 0.2s ease-in-out;
}

.c0:focus,
.c0:hover {
  outline: none;
  outline-width: 0;
  border: 1px solid #00D9C5;
  box-shadow: 0 0 4px 0 #00D9C5;
}

.c0:disabled {
  border: 1px solid #818F9B;
  box-shadow: 0 0 4px 0 transparent;
  background-color: #F7F7F7;
  cursor: not-allowed;
}

<div>
  <div>
    <select
      class="c0"
    >
      <option
        class=""
        value="pineapple"
      >
        🍍 Pineapple
      </option>
      <option
        class=""
        value="kiwi"
      >
        🥝 Kiwi
      </option>
      <option
        class=""
        value="watermelon"
      >
        🍉 Watermelon
      </option>
    </select>
  </div>
</div>
`;
