// Jest Snapshot v1, https://goo.gl/fbAQLP

exports[`<RadioField /> renders the component with props with no a11y violations 1`] = `
.c0 {
  max-width: 100%;
  width: 100%;
}

.c1 {
  position: relative;
  margin-bottom: 10px;
}

.c1:last-of-type {
  margin-bottom: 0;
}

.c3 {
  display: block;
  margin: 0 0 10px;
  -webkit-letter-spacing: 0;
  -moz-letter-spacing: 0;
  -ms-letter-spacing: 0;
  letter-spacing: 0;
  color: #2C3236;
  font-family: "Open Sans",Roboto,Helvetica,Arial,sans-serif;
  font-weight: 700;
  font-size: 15px;
  display: -webkit-box;
  display: -webkit-flex;
  display: -ms-flexbox;
  display: flex;
  -webkit-align-items: center;
  -webkit-box-align: center;
  -ms-flex-align: center;
  align-items: center;
  line-height: 1.4;
  font-weight: 400;
  font-size: 15px;
  color: #2C3236;
  font-weight: 400;
  position: relative;
  margin-bottom: 0;
}

.c3:before {
  content: '';
  background-color: #FFFFFF;
  border-radius: 50%;
  height: 24px;
  width: 24px;
  min-width: 24px;
  display: inline-block;
  margin-right: 8px;
  border: 1px #818F9B solid;
  box-shadow: 0 0 4px 0 transparent;
  -webkit-transition-property: border,box-shadow;
  transition-property: border,box-shadow;
  -webkit-transition: 0.2s ease-in-out;
  transition: 0.2s ease-in-out;
}

.c3:after {
  content: '';
  position: absolute;
  border-radius: 50%;
  display: inline-block;
  left: 6px;
  top: 6px;
}

.c3:hover {
  cursor: pointer;
}

.c3:hover:before {
  border-color: #D4D7D9;
}

.c2 {
  width: 1px;
  height: 1px;
  opacity: 0;
  z-index: -1;
  position: absolute;
}

.c2:hover + label:before {
  border-color: #00D9C5;
}

.c2:focus + label:before {
  border-color: #00D9C5;
  box-shadow: 0 0 4px 0 #00D9C5;
}

.c2:checked + label:before {
  border-color: #00D9C5;
}

.c2:checked + label:after {
  background-color: #00D9C5;
  height: 12px;
  width: 12px;
  -webkit-animation: hjYkn 200ms ease-in-out;
  animation: hjYkn 200ms ease-in-out;
}

.c2:disabled + label {
  cursor: not-allowed;
  color: #818F9B;
}

.c2:disabled + label:before {
  border-color: #D4D7D9;
}

<div
  class="c0 c1"
>
  <input
    class="c2"
    id="radio-id-1"
    name="test1"
    type="radio"
    value="1"
  />
  <label
    class="sc-AxjAm c3"
    for="radio-id-1"
  >
    hello
  </label>
</div>
`;
