// Jest Snapshot v1, https://goo.gl/fbAQLP

exports[`<ErrorMessage /> renders the component with props with no a11y violations 1`] = `
.c0 {
  margin: 0;
  -webkit-letter-spacing: 0;
  -moz-letter-spacing: 0;
  -ms-letter-spacing: 0;
  letter-spacing: 0;
  color: #2C3236;
  font-size: 13px;
  line-height: 18px;
  font-weight: 700;
  font-family: "Open Sans",-apple-system,BlinkMacSystemFont,"Segoe UI",Roboto,Helvetica,Arial,sans-serif,"Apple Color Emoji","Segoe UI Emoji","Segoe UI Symbol";
  text-align: inherit;
}

.c1 {
  width: 100%;
  color: #FF4539;
  display: -webkit-box;
  display: -webkit-flex;
  display: -ms-flexbox;
  display: flex;
}

.c1:before {
  content: '';
  background: url(red-warning.svg) no-repeat;
  width: 20px;
  height: 16px;
  display: block;
  margin-right: 10px;
}

<span
  class="c0 c1"
  role="alert"
>
  Ops error !
</span>
`;
