// Jest Snapshot v1, https://goo.gl/fbAQLP

exports[`<Card.Content /> renders the component with no a11y violations 1`] = `
.c0 {
  background-color: transparent;
  padding: 16px;
  -webkit-flex: 1;
  -ms-flex: 1;
  flex: 1;
  display: -webkit-box;
  display: -webkit-flex;
  display: -ms-flexbox;
  display: flex;
  -webkit-flex-direction: column;
  -ms-flex-direction: column;
  flex-direction: column;
}

<div
  class="c0"
/>
`;
