// Jest Snapshot v1, https://goo.gl/fbAQLP

exports[`<Navbar.Dropdown /> should render component 1`] = `
.c2 {
  margin: 12px 0 12px;
  padding: 0;
  list-style-type: none;
  border-bottom: 1px solid #EFEFEF;
}

.c0 {
  position: relative;
  display: inline-block;
}

.c1 {
  position: absolute;
  left: 50%;
  top: 50px;
  -webkit-transition: opacity 0.3s,-webkit-transform 0.3s,visibility 0.3s 0.3s;
  -webkit-transition: opacity 0.3s,transform 0.3s,visibility 0.3s 0.3s;
  transition: opacity 0.3s,transform 0.3s,visibility 0.3s 0.3s;
  opacity: 0;
  visibility: hidden;
  -webkit-transform: translate(-50%,-10%);
  -ms-transform: translate(-50%,-10%);
  transform: translate(-50%,-10%);
}

@media (min-width:1280px) {
  .c2 {
    background-color: #FFFFFF;
    box-shadow: 0px 1px 0px 1px #D4D7D9;
    border: 1px solid #EFEFEF;
    border-radius: 12px;
    min-width: 240px;
    margin: 0;
    padding: 8px;
  }

  .c2:after {
    z-index: 1;
    content: '';
    top: 1px;
    left: 50%;
    position: absolute;
    width: 25px;
    height: 25px;
    -webkit-transform: translate(-50%,-50%) rotate(135deg);
    -ms-transform: translate(-50%,-50%) rotate(135deg);
    transform: translate(-50%,-50%) rotate(135deg);
    background-color: inherit;
    box-shadow: -1px 1px 0 0 #EFEFEF;
  }
}

<div
  class="c0"
>
  <button
    aria-expanded="false"
    aria-haspopup="true"
    role="menuitem"
    tabindex="0"
  >
    opener
  </button>
  <div
    class="c1"
  >
    <ul
      aria-label="test"
      class="c2"
      role="menu"
    >
      <li
        role="none"
      >
        <a
          href="#"
          role="menuitem"
          tabindex="-1"
        >
          one
        </a>
      </li>
      <li
        role="none"
      >
        <a
          href="#"
          role="menuitem"
          tabindex="-1"
        >
          two
        </a>
      </li>
    </ul>
  </div>
</div>
`;
