// Jest Snapshot v1, https://goo.gl/fbAQLP

exports[`<Card.Text /> renders the component with no a11y violations 1`] = `
.c1 {
  color: #2C3236;
  font-weight: 400;
  padding: 0;
  margin: 0;
  -webkit-flex: 1;
  -ms-flex: 1;
  flex: 1;
}

.c0 {
  height: 100%;
  width: 100%;
  display: -webkit-box;
  display: -webkit-flex;
  display: -ms-flexbox;
  display: flex;
  overflow: hidden;
  background-color: #FFFFFF;
  border: 1px solid #EFEFEF;
  border-radius: 12px;
  box-shadow: 0 1px 0 0 #D4D7D9;
  -webkit-flex-direction: column;
  -ms-flex-direction: column;
  flex-direction: column;
}

.c0 > .c2 {
  -webkit-flex: 0 1 200px;
  -ms-flex: 0 1 200px;
  flex: 0 1 200px;
}

.c0 .zrc__card-heading {
  font-size: 16px;
}

<div
  class="c0"
>
  <p
    class="c1"
  >
    Text
  </p>
</div>
`;
