// Jest Snapshot v1, https://goo.gl/fbAQLP

exports[`<AccordionSection /> renders the component with no a11y violations 1`] = `
<div
  aria-hidden="true"
  aria-labelledby="one"
  data-testid="section"
  id="one-tab"
  role="region"
  style="overflow: hidden; transition: height 200ms linear; height: 0px;"
>
  <div>
    Content
  </div>
</div>
`;
