// Jest Snapshot v1, https://goo.gl/fbAQLP

exports[`<CheckboxField /> renders the component with props with no a11y violations 1`] = `
.c4 {
  margin: 0;
  -webkit-letter-spacing: 0;
  -moz-letter-spacing: 0;
  -ms-letter-spacing: 0;
  letter-spacing: 0;
  color: #0D0A38;
  line-height: 1.6;
  font-family: "Open Sans",-apple-system,BlinkMacSystemFont,"Segoe UI",Roboto,Helvetica,Arial,sans-serif,"Apple Color Emoji","Segoe UI Emoji","Segoe UI Symbol";
  font-weight: 600;
  font-size: 16px;
}

.c3 {
  display: block;
}

.c0 {
  max-width: 100%;
  width: 100%;
}

.c1 {
  left: -100%;
  opacity: 0;
  z-index: -1;
  position: absolute;
}

.c1:checked + label {
  font-weight: 600;
}

.c1:checked + label:before {
  content: '';
  background-color: #4A3EDE;
}

.c1:checked + label:after {
  content: '';
  background-size: contain;
  background-image: url(white-check-mark.svg);
  -webkit-animation: guYtTV 180ms ease-in-out;
  animation: guYtTV 180ms ease-in-out;
}

.c1:focus + label:before {
  border: 2px #4A3EDE solid;
}

.c2 {
  width: auto;
  display: -webkit-box;
  display: -webkit-flex;
  display: -ms-flexbox;
  display: flex;
  font-weight: 400;
  color: #0D0A38;
  position: relative;
  -webkit-user-select: none;
  -moz-user-select: none;
  -ms-user-select: none;
  user-select: none;
}

.c2:before {
  content: '';
  background-color: #EAEAEE;
  border-radius: 6px;
  height: 24px;
  width: 24px;
  -webkit-flex-shrink: 0;
  -ms-flex-negative: 0;
  flex-shrink: 0;
  margin-right: 8px;
  border: 2px #FFFFFF solid;
  display: block;
}

.c2:after {
  content: '';
  background-size: contain;
  background: transparent none no-repeat center;
  height: 12px;
  width: 12px;
  position: absolute;
  left: 6px;
  top: 6px;
}

.c2:hover {
  cursor: pointer;
}

.c2:hover:before {
  border: 2px #C5C6CD solid;
}

<div
  class="c0"
>
  <input
    class="c1"
    id="checkbox-id-test1"
    name="test1"
    type="checkbox"
  />
  <label
    class="c2 c3 c4"
    color="#0D0A38"
    for="checkbox-id-test1"
  >
    hello
  </label>
</div>
`;
