// Jest Snapshot v1, https://goo.gl/fbAQLP

exports[`<Navbar /> should render component with default props 1`] = `
.c0 {
  outline: 0;
  cursor: pointer;
  -webkit-align-items: center;
  -webkit-box-align: center;
  -ms-flex-align: center;
  align-items: center;
  display: -webkit-inline-box;
  display: -webkit-inline-flex;
  display: -ms-inline-flexbox;
  display: inline-flex;
  -webkit-text-decoration: none;
  text-decoration: none;
  box-sizing: border-box;
  -webkit-box-pack: center;
  -webkit-justify-content: center;
  -ms-flex-pack: center;
  justify-content: center;
  padding: 12px 24px;
  background: transparent;
  border-radius: 8px;
  border: 1px solid transparent;
  font-family: "Open Sans",Roboto,Helvetica,Arial,sans-serif;
  color: #21247F;
  font-size: 16px;
  font-weight: 600;
  line-height: 24px;
  -webkit-letter-spacing: 0;
  -moz-letter-spacing: 0;
  -ms-letter-spacing: 0;
  letter-spacing: 0;
}

.c0:focus:not(:active) {
  border: 1px solid #FFFFFF;
  box-shadow: 0 0 4px #3B46C4;
}

.c0:active {
  opacity: 0.8;
  box-shadow: unset;
  border: 1px solid transparent;
}

.c0:hover {
  background: #EAEBFA;
}

.c3 {
  display: block;
}

@media (max-width:1279px) {
  .c1:hover:not(:disabled) {
    background: none;
  }
}

@media (min-width:1280px) {
  .c1 {
    margin-left: 8px;
  }
}

@media (max-width:1279px) {
  .c2 {
    position: absolute;
    height: 1px;
    width: 1px;
    overflow: hidden;
    -webkit-clip: rect(1px,1px,1px,1px);
    clip: rect(1px,1px,1px,1px);
  }
}

@media (min-width:1280px) {
  .c3 {
    display: none;
  }
}

<div>
  <button
    class="c0 c1"
    styling="link"
    theme="[object Object]"
  >
    <div
      class="c2"
    >
      Sign in
    </div>
    <svg
      aria-hidden="true"
      class="svg-inline--fa fa-user fa-w-14 fa-lg c3"
      color="#FFFFFF"
      data-icon="user"
      data-prefix="fas"
      focusable="false"
      height="20px"
      role="img"
      viewBox="0 0 448 512"
      width="20px"
      xmlns="http://www.w3.org/2000/svg"
    >
      <path
        d="M224 256c70.7 0 128-57.3 128-128S294.7 0 224 0 96 57.3 96 128s57.3 128 128 128zm89.6 32h-16.7c-22.2 10.2-46.9 16-72.9 16s-50.6-5.8-72.9-16h-16.7C60.2 288 0 348.2 0 422.4V464c0 26.5 21.5 48 48 48h352c26.5 0 48-21.5 48-48v-41.6c0-74.2-60.2-134.4-134.4-134.4z"
        fill="currentColor"
      />
    </svg>
  </button>
</div>
`;
