// Jest Snapshot v1, https://goo.gl/fbAQLP

exports[`<InputRange /> renders the component with no a11y violations 1`] = `
.c1 {
  -webkit-appearance: none;
  width: 100%;
  height: 30px;
  cursor: pointer;
  background: transparent;
}

.c1::-webkit-slider-runnable-track {
  box-sizing: border-box;
  border: none;
  border-radius: 4px;
  height: 8px;
  background: #EFEFEF;
}

.c1::-moz-range-track {
  box-sizing: border-box;
  border: none;
  border-radius: 4px;
  height: 8px;
  background: #EFEFEF;
}

.c1::-webkit-slider-thumb {
  -webkit-appearance: none;
  margin-top: -11px;
  box-sizing: border-box;
  border: none;
  border-radius: 50%;
  width: 30px;
  height: 30px;
  background: #3B46C4;
}

.c1::-moz-range-thumb {
  box-sizing: border-box;
  border: none;
  border-radius: 50%;
  width: 30px;
  height: 30px;
  background: #3B46C4;
}

.c1::-webkit-slider-runnable-track {
  background: -webkit-gradient( linear, 0% 0%, 100% 0%, color-stop(0.51,#3B46C4), color-stop(0.51,#EFEFEF) );
}

.c1::-moz-range-progress {
  border-radius: 4px;
  height: 8px;
  background: #3B46C4;
}

.c1:active::-webkit-slider-thumb {
  box-shadow: 0 0 4px #3B46C4;
}

.c1:active::-moz-range-thumb {
  box-shadow: 0 0 4px #3B46C4;
}

.c1:focus {
  outline: none;
}

.c1::-moz-focus-outer {
  border: 0;
}

.c1::-ms-track {
  box-sizing: border-box;
  border: none;
  border-radius: 4px;
  height: 8px;
  background: #EFEFEF;
  box-sizing: content-box;
  border: 0px solid transparent;
  width: 100%;
  cursor: pointer;
  -webkit-animate: 0.2s;
  animate: 0.2s;
  background: transparent;
  border-color: transparent;
  border-width: 39px 0;
  color: transparent;
}

.c1::-ms-fill-lower {
  box-sizing: border-box;
  border: none;
  border-radius: 4px;
  height: 8px;
  background: #EFEFEF;
  box-sizing: content-box;
  border: 0px solid transparent;
  background: #3B46C4;
}

.c1::-ms-fill-upper {
  box-sizing: border-box;
  border: none;
  border-radius: 4px;
  height: 8px;
  background: #EFEFEF;
  box-sizing: content-box;
  border: 0px solid transparent;
}

.c1::-ms-thumb {
  box-sizing: border-box;
  border: none;
  border-radius: 50%;
  width: 30px;
  height: 30px;
  background: #3B46C4;
  box-sizing: content-box;
}

.c0 {
  display: -webkit-box;
  display: -webkit-flex;
  display: -ms-flexbox;
  display: flex;
  -webkit-align-items: center;
  -webkit-box-align: center;
  -ms-flex-align: center;
  align-items: center;
}

@media (min-width:768px) {
  .c1 {
    height: 50px;
  }
}

@media (min-width:768px) {
  .c1::-webkit-slider-thumb {
    width: 50px;
    height: 50px;
    background: url(arrows-alt-h.svg) no-repeat #3B46C4;
    background-position: center center;
    background-size: 20px 20px;
  }
}

@media (min-width:768px) {
  .c1::-webkit-slider-thumb {
    margin-top: -21px;
  }
}

@media (min-width:768px) {
  .c1::-moz-range-thumb {
    width: 50px;
    height: 50px;
    background: url(arrows-alt-h.svg) no-repeat #3B46C4;
    background-position: center center;
    background-size: 20px 20px;
  }
}

@media screen and (-ms-high-contrast:active),(-ms-high-contrast:none) {
  .c1 {
    height: auto !important;
    margin-top: 12px;
  }
}

@media (min-width:768px) {
  .c1::-ms-thumb {
    width: 50px;
    height: 50px;
    background: url(arrows-alt-h.svg) no-repeat #3B46C4;
    background-position: center center;
    background-size: 20px 20px;
  }
}

<div
  class="c0"
>
  <input
    aria-label="slider"
    class="c1"
    max="100"
    min="0"
    role="slider"
    step="1"
    title="range"
    type="range"
    value="51"
  />
</div>
`;
