// Jest Snapshot v1, https://goo.gl/fbAQLP

exports[`<AccordionHeader /> renders the component with no a11y violations 1`] = `
.c0 {
  -webkit-appearance: none;
  -moz-appearance: none;
  appearance: none;
  color: #2C3236;
  font-weight: 700;
  border: none;
  background: none;
  cursor: pointer;
  padding: 0;
  width: 100%;
  margin-bottom: 4px;
  text-align: left;
}

<button
  aria-controls="one-section"
  aria-disabled="false"
  aria-expanded="false"
  class="c0"
  data-automation="header"
  id="one"
  type="button"
>
  Header
</button>
`;
