// Jest Snapshot v1, https://goo.gl/fbAQLP

exports[`<AccordionHeader /> renders the component with no a11y violations 1`] = `
.c2 {
  -webkit-transition: -webkit-transform 0.2s;
  -webkit-transition: transform 0.2s;
  transition: transform 0.2s;
  -webkit-transform: rotate(-90deg);
  -ms-transform: rotate(-90deg);
  transform: rotate(-90deg);
}

.c3 {
  margin: 0;
  -webkit-letter-spacing: 0;
  -moz-letter-spacing: 0;
  -ms-letter-spacing: 0;
  letter-spacing: 0;
  color: #0D0A38;
  line-height: 1.6;
  font-family: "Open Sans",-apple-system,BlinkMacSystemFont,"Segoe UI",Roboto,Helvetica,Arial,sans-serif,"Apple Color Emoji","Segoe UI Emoji","Segoe UI Symbol";
  font-weight: 700;
}

.c0 {
  -webkit-appearance: none;
  -moz-appearance: none;
  appearance: none;
  border: none;
  padding: 0;
  background: none;
  cursor: pointer;
  padding: 0 4px;
}

.c1 {
  display: -webkit-box;
  display: -webkit-flex;
  display: -ms-flexbox;
  display: flex;
  -webkit-align-items: baseline;
  -webkit-box-align: baseline;
  -ms-flex-align: baseline;
  align-items: baseline;
  text-align: left;
}

.c1 svg {
  -webkit-flex-shrink: 0;
  -ms-flex-negative: 0;
  flex-shrink: 0;
}

.c4 {
  color: #4A3EDE;
  padding-left: 8px;
}

<button
  aria-controls="one-section"
  aria-disabled="false"
  aria-expanded="false"
  class="c0"
  data-testid="header"
  id="one"
>
  <div
    class="c1"
  >
    <svg
      aria-label="Arrow pointing right"
      class="c2"
      direction="right"
      height="12px"
      role="img"
      viewBox="0 0 11 5"
      width="12px"
      xmlns="http://www.w3.org/2000/svg"
    >
      <title>
        arrow pointing right
      </title>
      <g
        fill="none"
        fill-rule="evenodd"
        stroke="none"
        stroke-width="1"
      >
        <g
          fill="#4A3EDE"
          fill-rule="nonzero"
          transform="translate(0.000000, -14.000000)"
        >
          <g>
            <path
              d="M7.63149316,17.3813356 L4.28255792,21.7152282 C3.98915505,22.0949239 3.51345502,22.0949239 3.22005215,21.7152282 C3.07915512,21.5328919 3,21.2855908 3,21.0277282 L3,11.9722718 C3,11.4353009 3.33637072,11 3.75130504,11 C3.95056352,11 4.1416609,11.1024355 4.28255792,11.2847718 L7.63149316,15.6186645 C7.86830411,15.925124 7.92952055,16.0681625 7.96979452,16.2401176 C8.01006849,16.4120727 8.01006849,16.5879273 7.96979452,16.7598824 C7.92952055,16.9318375 7.86830411,17.074876 7.63149316,17.3813356 Z"
              transform="translate(5.500000, 16.500000) rotate(90.000000) translate(-5.500000, -16.500000) "
            />
          </g>
        </g>
      </g>
    </svg>
    <span
      class="c3 c4"
    >
      Header
    </span>
  </div>
</button>
`;
