// Jest Snapshot v1, https://goo.gl/fbAQLP

exports[`<ProductTemplateProgress /> renders with all the props 1`] = `
.c1 {
  position: relative;
  width: 100%;
  border-radius: 100px;
  background: #EFEFEF;
  height: 4px;
}

.c4 {
  width: 50%;
  position: relative;
  border-radius: 100px;
  height: 4px;
  display: block;
  background: #00D9C5;
  -webkit-transition: width 0.5s ease-in-out;
  transition: width 0.5s ease-in-out;
}

.c4 > span {
  position: absolute;
  top: 10px;
  right: 0;
  font-size: 13px;
  line-height: 16px;
  font-weight: 600;
  color: #2C3236;
}

.c2 {
  position: absolute;
  top: 50%;
  left: 0%;
  display: block;
  width: 12px;
  height: 12px;
  background: #00D9C5;
  border-radius: 100%;
  -webkit-transform: translate(-50%,-50%);
  -ms-transform: translate(-50%,-50%);
  transform: translate(-50%,-50%);
}

.c3 {
  position: absolute;
  top: 50%;
  left: 100%;
  display: block;
  width: 12px;
  height: 12px;
  background: #EFEFEF;
  border-radius: 100%;
  -webkit-transform: translate(-50%,-50%);
  -ms-transform: translate(-50%,-50%);
  transform: translate(-50%,-50%);
}

.c0 {
  max-width: 525px;
}

@media (min-width:992px) {
  .c0 {
    max-width: 612px;
  }
}

<div>
  <div
    class="c0 mx-auto pt-1"
  >
    <div
      class="c1"
    >
      <span
        class="c2"
      />
      <span
        class="c3"
      />
      <div
        class="c4"
      />
    </div>
  </div>
</div>
`;
