// Jest Snapshot v1, https://goo.gl/fbAQLP

exports[`ActionCard renders the component with no props and no a11y violations 1`] = `
.c0 {
  height: 100%;
  width: 100%;
  display: -webkit-box;
  display: -webkit-flex;
  display: -ms-flexbox;
  display: flex;
  overflow: hidden;
  background-color: #FFFFFF;
  border: 1px solid #EFEFEF;
  border-radius: 12px;
  box-shadow: 0 1px 0 0 #D4D7D9;
  -webkit-flex-direction: column;
  -ms-flex-direction: column;
  flex-direction: column;
}

.c0 > .c3 {
  -webkit-flex: 0 1 200px;
  -ms-flex: 0 1 200px;
  flex: 0 1 200px;
}

.c0 .c4 {
  font-size: 15px;
}

.c0 .c5 {
  font-size: 13px;
}

.c1:hover {
  cursor: pointer;
  background-color: #F7F7F7;
}

.c1:hover svg {
  color: #4A545E;
}

.c2 {
  background-color: transparent;
  padding: 16px;
  -webkit-flex: 1;
  -ms-flex: 1;
  flex: 1;
  display: -webkit-box;
  display: -webkit-flex;
  display: -ms-flexbox;
  display: flex;
  -webkit-flex-direction: column;
  -ms-flex-direction: column;
  flex-direction: column;
  display: -webkit-box;
  display: -webkit-flex;
  display: -ms-flexbox;
  display: flex;
  -webkit-align-items: center;
  -webkit-box-align: center;
  -ms-flex-align: center;
  align-items: center;
  -webkit-box-pack: justify;
  -webkit-justify-content: space-between;
  -ms-flex-pack: justify;
  justify-content: space-between;
  -webkit-flex-direction: row;
  -ms-flex-direction: row;
  flex-direction: row;
}

<div
  class="c0 c1"
>
  <div
    class="c2"
  >
    <div>
      Action Card Content
    </div>
    <svg
      aria-hidden="true"
      class="svg-inline--fa fa-chevron-right fa-w-10 "
      color="#818F9B"
      data-icon="chevron-right"
      data-prefix="fas"
      focusable="false"
      role="img"
      viewBox="0 0 320 512"
      xmlns="http://www.w3.org/2000/svg"
    >
      <path
        d="M285.476 272.971L91.132 467.314c-9.373 9.373-24.569 9.373-33.941 0l-22.667-22.667c-9.357-9.357-9.375-24.522-.04-33.901L188.505 256 34.484 101.255c-9.335-9.379-9.317-24.544.04-33.901l22.667-22.667c9.373-9.373 24.569-9.373 33.941 0L285.475 239.03c9.373 9.372 9.373 24.568.001 33.941z"
        fill="currentColor"
      />
    </svg>
  </div>
</div>
`;
