// Jest Snapshot v1, https://goo.gl/fbAQLP

exports[`<Heading /> renders without  a11y violations 1`] = `
.c0 {
  color: #2C3246;
  font-size: 48px;
  font-family: "Open Sans",-apple-system,BlinkMacSystemFont,"Segoe UI",Roboto,Helvetica,Arial,sans-serif,"Apple Color Emoji","Segoe UI Emoji","Segoe UI Symbol";
  font-weight: 600;
  line-height: 1.1;
  -webkit-letter-spacing: -0.5px;
  -moz-letter-spacing: -0.5px;
  -ms-letter-spacing: -0.5px;
  letter-spacing: -0.5px;
  margin: 0;
  margin-bottom: 24px;
}

@media (max-width:600px) {
  .c0 {
    font-size: 32px;
  }
}

<div>
  <h1
    class="c0"
  >
    Text
  </h1>
</div>
`;
