// Jest Snapshot v1, https://goo.gl/fbAQLP

exports[`<ThreeDotsSpinner /> renders three dots spinner 1`] = `
.c0 {
  color: #009E8E;
  font-size: 0.375em;
  margin: 2.25em auto;
  position: relative;
  text-indent: -9999em;
  -webkit-transform: translateZ(0);
  -ms-transform: translateZ(0);
  transform: translateZ(0);
  -webkit-animation-delay: -0.16s;
  animation-delay: -0.16s;
}

.c0,
.c0:before,
.c0:after {
  border-radius: 50%;
  width: 2.5em;
  height: 2.5em;
  -webkit-animation-fill-mode: both;
  animation-fill-mode: both;
  -webkit-animation: iVfUMe 1.8s infinite ease-in-out;
  animation: iVfUMe 1.8s infinite ease-in-out;
}

.c0:before {
  content: '';
  position: absolute;
  top: 0;
}

.c0:after {
  content: '';
  position: absolute;
  top: 0;
}

.c0:before {
  left: -3.5em;
  -webkit-animation-delay: -0.32s;
  animation-delay: -0.32s;
}

.c0:after {
  left: 3.5em;
  -webkit-animation-delay: 0.64s;
  animation-delay: 0.64s;
}

<div>
  <div
    class="c0"
  />
</div>
`;
