// Jest Snapshot v1, https://goo.gl/fbAQLP

exports[`allows to set global font styles 1`] = `"/* sc-component-id: sc-global-3277831321-import */ /* sc-component-id: sc-global-2771653525-import */ @import url('https://fonts.googleapis.com/css?family=Open+Sans:400,600,700&display=swap');"`;

exports[`allows to set global generic styles  1`] = `"/* sc-component-id: sc-global-3277831321-import */ @import url('https://unpkg.com/tippy.js@5.1.4/dist/tippy.css'); @import url('https://unpkg.com/tippy.js@5.1.4/animations/shift-toward.css');"`;
