// Jest Snapshot v1, https://goo.gl/fbAQLP

exports[`<Help /> renders the default Help component with no a11y violations 1`] = `
.c8 {
  background-color: transparent;
  font-size: inherit;
  font-family: "Open Sans",-apple-system,BlinkMacSystemFont,"Segoe UI",Roboto,Helvetica,Arial,sans-serif,"Apple Color Emoji","Segoe UI Emoji","Segoe UI Symbol";
  font-weight: 600;
  line-height: inherit;
  color: #3B46C4;
  cursor: pointer;
  -webkit-text-decoration: underline;
  text-decoration: underline;
  -webkit-user-select: auto;
  -moz-user-select: auto;
  -ms-user-select: auto;
  user-select: auto;
  -webkit-appearance: none;
  -moz-appearance: none;
  appearance: none;
  padding: 0;
  border: none;
}

.c8:hover,
.c8:active {
  color: #21247F;
}

.c8:hover svg path,
.c8:active svg path {
  fill: #21247F;
}

.c7 {
  margin: 0;
  -webkit-letter-spacing: 0;
  -moz-letter-spacing: 0;
  -ms-letter-spacing: 0;
  letter-spacing: 0;
  color: #2C3236;
  font-size: 15px;
  line-height: 22px;
  font-weight: 400;
  font-family: "Open Sans",-apple-system,BlinkMacSystemFont,"Segoe UI",Roboto,Helvetica,Arial,sans-serif,"Apple Color Emoji","Segoe UI Emoji","Segoe UI Symbol";
  text-align: inherit;
}

.c10 {
  margin: 0;
  -webkit-letter-spacing: 0;
  -moz-letter-spacing: 0;
  -ms-letter-spacing: 0;
  letter-spacing: 0;
  color: #2C3236;
  font-size: 13px;
  line-height: 18px;
  font-weight: 400;
  font-family: "Open Sans",-apple-system,BlinkMacSystemFont,"Segoe UI",Roboto,Helvetica,Arial,sans-serif,"Apple Color Emoji","Segoe UI Emoji","Segoe UI Symbol";
  text-align: inherit;
}

.c4 {
  font-size: 28px;
  line-height: 36px;
  -webkit-letter-spacing: -0.45px;
  -moz-letter-spacing: -0.45px;
  -ms-letter-spacing: -0.45px;
  letter-spacing: -0.45px;
  margin: 0;
  color: #2C3236;
  text-align: inherit;
  font-family: "Open Sans",-apple-system,BlinkMacSystemFont,"Segoe UI",Roboto,Helvetica,Arial,sans-serif,"Apple Color Emoji","Segoe UI Emoji","Segoe UI Symbol";
  font-weight: 700;
}

.c3 {
  position: relative;
  width: 100%;
  min-height: 1px;
  padding-right: 16px;
  padding-left: 16px;
  -webkit-align-self: auto;
  -ms-flex-item-align: auto;
  align-self: auto;
}

.c5 {
  position: relative;
  width: 100%;
  min-height: 1px;
  padding-right: 16px;
  padding-left: 16px;
  -webkit-align-self: auto;
  -ms-flex-item-align: auto;
  align-self: auto;
}

.c2 {
  display: -webkit-box;
  display: -webkit-flex;
  display: -ms-flexbox;
  display: flex;
  -webkit-flex-wrap: wrap;
  -ms-flex-wrap: wrap;
  flex-wrap: wrap;
  -webkit-flex-direction: row;
  -ms-flex-direction: row;
  flex-direction: row;
  margin-right: -16px;
  margin-left: -16px;
  -webkit-box-pack: start;
  -webkit-justify-content: flex-start;
  -ms-flex-pack: start;
  justify-content: flex-start;
  -webkit-align-items: flex-start;
  -webkit-box-align: flex-start;
  -ms-flex-align: flex-start;
  align-items: flex-start;
}

.c0 {
  background: #FFFFFF;
  padding: 80px 16px;
  box-sizing: border-box;
}

.c1 {
  margin: 0 auto;
  max-width: 900px;
}

.c6 {
  margin-bottom: 24px;
}

.c9 {
  max-width: 350px;
}

@media (min-width:0px) {
  .c3 {
    display: block;
    -webkit-flex: 0 0 100%;
    -ms-flex: 0 0 100%;
    flex: 0 0 100%;
    max-width: 100%;
  }
}

@media (min-width:0px) {
  .c5 {
    display: block;
    -webkit-flex: 0 0 100%;
    -ms-flex: 0 0 100%;
    flex: 0 0 100%;
    max-width: 100%;
  }
}

@media (min-width:992px) {
  .c5 {
    display: block;
    -webkit-flex: 0 0 50%;
    -ms-flex: 0 0 50%;
    flex: 0 0 50%;
    max-width: 50%;
  }
}

@media (min-width:992px) {
  .c6 {
    margin-bottom: 0;
  }
}

<div
  class="c0"
>
  <div
    class="c1"
  >
    <div
      class="c2"
      cols="12"
      direction="row"
    >
      <div
        class="c3"
        cols="12"
      >
        <h3
          class="c4"
        >
          We're here to help
        </h3>
      </div>
    </div>
    <div
      class="c2"
      cols="12"
      direction="row"
    >
      <div
        class="c5 c6"
        cols="12"
      >
        <span
          class="c7 mb-6"
        >
          <a
            class="c8"
            color="#3B46C4"
            href="mailto:savings@zopa.com"
          >
            savings@zopa.com
          </a>
        </span>
        <span
          class="c7 mb-6"
        >
          <a
            class="c8"
            color="#3B46C4"
            href="tel:020 7580 6060"
          >
            020 7580 6060 
          </a>
          for loans
        </span>
        <span
          class="c7"
        >
          <a
            class="c8"
            color="#3B46C4"
            href="tel:020 7291 8331"
          >
            020 7291 8331 
          </a>
          for investments
        </span>
      </div>
      <div
        class="c5"
        cols="12"
      >
        <div
          class="c9"
        >
          <p
            class="c7 mb-6"
          >
            Monday to Thursday (9am to 5.30pm), and Friday (9am to 5pm)
          </p>
        </div>
        <p
          class="c10"
        >
          We can't take applications over the phone. UK residents only. Calls may be monitored.
        </p>
      </div>
    </div>
  </div>
</div>
`;
