// Jest Snapshot v1, https://goo.gl/fbAQLP

exports[`<ProductTemplateNavigation /> renders with a component prevStep 1`] = `
@media (min-width:768px) {
  .c0 {
    position: absolute;
    top: 0;
    bottom: 0;
    left: 0;
    right: 0;
  }
}

<div>
  <div
    class="c0 my-4 m:mt-0"
    data-automation="ZA.ProductTemplateNavigation"
  >
    A custom component
  </div>
</div>
`;

exports[`<ProductTemplateNavigation /> renders with a string prevStep 1`] = `
.c3 {
  margin: 0;
  -webkit-letter-spacing: 0;
  -moz-letter-spacing: 0;
  -ms-letter-spacing: 0;
  letter-spacing: 0;
  color: #4A545E;
  font-size: 16px;
  line-height: 24px;
  font-weight: 400;
  font-family: "Open Sans",Roboto,Helvetica,Arial,sans-serif;
  text-align: inherit;
}

.c1 {
  background-color: transparent;
  font-size: inherit;
  font-family: "Open Sans",Roboto,Helvetica,Arial,sans-serif;
  font-weight: 600;
  line-height: inherit;
  color: #3B46C4;
  cursor: pointer;
  -webkit-text-decoration: underline;
  text-decoration: underline;
  -webkit-user-select: auto;
  -moz-user-select: auto;
  -ms-user-select: auto;
  user-select: auto;
  -webkit-appearance: none;
  -moz-appearance: none;
  appearance: none;
  padding: 0;
  border: none;
}

.c1:hover,
.c1:active {
  color: #21247F;
}

.c1:hover svg path,
.c1:active svg path {
  fill: #21247F;
}

.c2 {
  -webkit-text-decoration: none;
  text-decoration: none;
  display: -webkit-box;
  display: -webkit-flex;
  display: -ms-flexbox;
  display: flex;
  -webkit-align-items: center;
  -webkit-box-align: center;
  -ms-flex-align: center;
  align-items: center;
}

.c4 {
  line-height: 0;
}

@media (min-width:768px) {
  .c0 {
    position: absolute;
    top: 0;
    bottom: 0;
    left: 0;
    right: 0;
  }
}

<div>
  <div
    class="c0 my-4 m:mt-0"
    data-automation="ZA.ProductTemplateNavigation"
  >
    <a
      aria-label="Back"
      class="c1 c2"
      color="#3B46C4"
      href="/prevStep"
    >
      <svg
        aria-hidden="true"
        class="svg-inline--fa fa-chevron-left fa-xs mr-2"
        color="#4A545E"
        data-icon="chevron-left"
        data-prefix="fas"
        focusable="false"
        role="img"
        viewBox="0 0 320 512"
        xmlns="http://www.w3.org/2000/svg"
      >
        <path
          d="M224 480c-8.188 0-16.38-3.125-22.62-9.375l-192-192c-12.5-12.5-12.5-32.75 0-45.25l192-192c12.5-12.5 32.75-12.5 45.25 0s12.5 32.75 0 45.25L77.25 256l169.4 169.4c12.5 12.5 12.5 32.75 0 45.25C240.4 476.9 232.2 480 224 480z"
          fill="currentColor"
        />
      </svg>
      <span
        class="c3 c4"
        color="#4A545E"
      >
        Back
      </span>
    </a>
  </div>
</div>
`;
