// Jest Snapshot v1, https://goo.gl/fbAQLP

exports[`<InputLabel /> renders the component with props 1`] = `
.c0 {
  display: block;
  margin: 0 0 10px;
  -webkit-letter-spacing: 0;
  -moz-letter-spacing: 0;
  -ms-letter-spacing: 0;
  letter-spacing: 0;
  color: #2C3236;
  font-family: "Open Sans",Roboto,Helvetica,Arial,sans-serif;
  font-weight: 600;
  font-size: 16px;
}

<label
  class="c0"
  for="username"
>
  Username:
</label>
`;
